../component/serial_manager/fsl_component_serial_manager.c:1217:25:SerialManager_Init	16	static
../component/serial_manager/fsl_component_serial_manager.c:1404:25:SerialManager_Deinit	16	static
../component/serial_manager/fsl_component_serial_manager.c:1482:25:SerialManager_OpenWriteHandle	16	static
../component/serial_manager/fsl_component_serial_manager.c:1519:25:SerialManager_CloseWriteHandle	8	static
../component/serial_manager/fsl_component_serial_manager.c:1550:25:SerialManager_OpenReadHandle	24	static
../component/serial_manager/fsl_component_serial_manager.c:1590:25:SerialManager_CloseReadHandle	8	static
../component/serial_manager/fsl_component_serial_manager.c:1619:25:SerialManager_WriteBlocking	4	static
../component/serial_manager/fsl_component_serial_manager.c:1628:25:SerialManager_ReadBlocking	4	static
../component/serial_manager/fsl_component_serial_manager.c:1871:25:SerialManager_EnterLowpower	0	static
../component/serial_manager/fsl_component_serial_manager.c:1918:25:SerialManager_ExitLowpower	0	static
../component/serial_manager/fsl_component_serial_manager.c:1972:6:SerialManager_SetLowpowerCriticalCb	0	static
