../lwip/src/core/raw.c:135:1:raw_input	56	static
../lwip/src/core/raw.c:221:1:raw_bind	16	static
../lwip/src/core/raw.c:253:1:raw_bind_netif	16	static
../lwip/src/core/raw.c:278:1:raw_connect	16	static
../lwip/src/core/raw.c:304:1:raw_disconnect	8	static
../lwip/src/core/raw.c:334:1:raw_recv	16	static
../lwip/src/core/raw.c:420:1:raw_sendto_if_src	48	static
../lwip/src/core/raw.c:354:1:raw_sendto	24	static
../lwip/src/core/raw.c:546:1:raw_send	0	static
../lwip/src/core/raw.c:561:1:raw_remove	8	static
../lwip/src/core/raw.c:595:1:raw_new	16	static
../lwip/src/core/raw.c:634:1:raw_new_ip_type	16	static
../lwip/src/core/raw.c:655:6:raw_netif_ip_addr_changed	8	static
