../drivers/fsl_enet.c:3514:6:ENET_ErrorIRQHandler	24	static
../drivers/fsl_enet.c:1409:17:ENET_IncreaseIndex	8	static
../drivers/fsl_enet.c:998:13:ENET_RxBufferFreeAll	40	static
../drivers/fsl_enet.c:3469:6:ENET_ReceiveIRQHandler	32	static
../drivers/fsl_enet.c:1789:13:ENET_UpdateReadBuffers.constprop	16	static
../drivers/fsl_enet.c:174:10:ENET_GetInstance	8	static
../drivers/fsl_enet.c:206:6:ENET_GetDefaultConfig	8	static
../drivers/fsl_enet.c:354:6:ENET_Down	8	static
../drivers/fsl_enet.c:378:6:ENET_Deinit	8	static
../drivers/fsl_enet.c:396:6:ENET_SetCallback	8	static
../drivers/fsl_enet.c:422:6:ENET_SetRxISRHandler	8	static
../drivers/fsl_enet.c:430:6:ENET_SetTxISRHandler	8	static
../drivers/fsl_enet.c:439:6:ENET_SetErrISRHandler	8	static
../drivers/fsl_enet.c:1143:6:ENET_SetMII	8	static
../drivers/fsl_enet.c:1199:6:ENET_SetMacAddr	0	static
../drivers/fsl_enet.c:1219:6:ENET_GetMacAddr	8	static
../drivers/fsl_enet.c:1247:6:ENET_SetSMI	8	static
../drivers/fsl_enet.c:257:10:ENET_Up	56	static
../drivers/fsl_enet.c:323:10:ENET_Init	40	static
../drivers/fsl_enet.c:1278:6:ENET_StartSMIWrite	8	static
../drivers/fsl_enet.c:1298:6:ENET_StartSMIRead	0	static
../drivers/fsl_enet.c:1317:6:ENET_StartExtC45SMIWriteReg	0	static
../drivers/fsl_enet.c:1356:6:ENET_StartExtC45SMIWriteData	0	static
../drivers/fsl_enet.c:1395:6:ENET_StartExtC45SMIReadData	0	static
../drivers/fsl_enet.c:1446:6:ENET_GetRxErrBeforeReadFrame	8	static
../drivers/fsl_enet.c:1529:6:ENET_GetStatistics	0	static
../drivers/fsl_enet.c:1563:10:ENET_GetRxFrameSize	24	static
../drivers/fsl_enet.c:1680:10:ENET_ReadFrame	32	static
../drivers/fsl_enet.c:1830:10:ENET_SendFrame	48	static
../drivers/fsl_enet.c:2048:10:ENET_SetTxReclaim	8	static
../drivers/fsl_enet.c:2089:6:ENET_ReclaimTxDescriptor	40	static
../drivers/fsl_enet.c:3409:6:ENET_TransmitIRQHandler	32	static
../drivers/fsl_enet.c:2145:10:ENET_GetRxBuffer	24	static
../drivers/fsl_enet.c:2216:6:ENET_ReleaseRxBuffer	40	static
../drivers/fsl_enet.c:2380:10:ENET_GetRxFrame	48	static
../drivers/fsl_enet.c:2630:10:ENET_StartTxFrame	48	static
../drivers/fsl_enet.c:2766:10:ENET_SendFrameZeroCopy	48	static
../drivers/fsl_enet.c:2953:6:ENET_AddMulticastGroup	24	static
../drivers/fsl_enet.c:3006:6:ENET_LeaveMulticastGroup	24	static
../drivers/fsl_enet.c:3611:6:ENET_CommonFrame0IRQHandler	16	static
../drivers/fsl_enet.c:3713:6:ENET_Ptp1588IRQHandler	0	static
../drivers/fsl_enet.c:3742:6:ENET_TxIRQHandler	8	static
../drivers/fsl_enet.c:3754:6:ENET_RxIRQHandler	8	static
../drivers/fsl_enet.c:3765:6:ENET_ErrIRQHandler	8	static
../drivers/fsl_enet.c:3776:6:ENET_Transmit_DriverIRQHandler	8	static
../drivers/fsl_enet.c:3783:6:ENET_Receive_DriverIRQHandler	8	static
../drivers/fsl_enet.c:3790:6:ENET_Error_DriverIRQHandler	8	static
../drivers/fsl_enet.c:3798:6:ENET_DriverIRQHandler	8	static
../drivers/fsl_enet.c:3805:6:ENET_1588_Timer_DriverIRQHandler	8	static
