../lwip/src/core/ipv4/dhcp.c:1400:1:dhcp_set_state	0	static
../lwip/src/core/ipv4/dhcp.c:1435:1:dhcp_option_short	24	static
../lwip/src/core/ipv4/dhcp.c:1415:1:dhcp_option	24	static
../lwip/src/core/ipv4/dhcp.c:1444:1:dhcp_option_long	24	static
../lwip/src/core/ipv4/dhcp.c:1946:1:dhcp_option_trailer	8	static
../lwip/src/core/ipv4/dhcp.c:232:1:dhcp_inc_pcb_refcount	16	static
../lwip/src/core/ipv4/dhcp.c:1038:1:dhcp_bind	16	static
../lwip/src/core/ipv4/dhcp.c:259:1:dhcp_dec_pcb_refcount	16	static
../lwip/src/core/ipv4/dhcp.c:625:1:dhcp_handle_ack.isra	16	static
../lwip/src/core/ipv4/dhcp.c:1860:1:dhcp_create_msg	32	static
../lwip/src/core/ipv4/dhcp.c:978:1:dhcp_discover	56	static
../lwip/src/core/ipv4/dhcp.c:405:1:dhcp_select.isra	56	static
../lwip/src/core/ipv4/dhcp.c:1739:1:dhcp_recv	64	static
../lwip/src/core/ipv4/dhcp.c:1244:1:dhcp_reboot.isra	56	static
../lwip/src/core/ipv4/dhcp.c:716:1:dhcp_set_struct	16	static
../lwip/src/core/ipv4/dhcp.c:740:6:dhcp_cleanup	8	static
../lwip/src/core/ipv4/dhcp.c:853:1:dhcp_inform	88	static
../lwip/src/core/ipv4/dhcp.c:897:1:dhcp_network_changed_link_up	16	static
../lwip/src/core/ipv4/dhcp.c:1134:1:dhcp_renew	56	static
../lwip/src/core/ipv4/dhcp.c:1966:1:dhcp_supplied_address	0	static
../lwip/src/core/ipv4/dhcp.c:1302:1:dhcp_release_and_stop	48	static
../lwip/src/core/ipv4/dhcp.c:769:1:dhcp_start	16	static
../lwip/src/core/ipv4/dhcp.c:469:1:dhcp_coarse_tmr	72	static
../lwip/src/core/ipv4/dhcp.c:507:1:dhcp_fine_tmr	16	static
../lwip/src/core/ipv4/dhcp.c:1377:1:dhcp_release	8	static
../lwip/src/core/ipv4/dhcp.c:1389:1:dhcp_stop	0	static
